2026-02-13 16:10:51,145 - WARNING - 新版API初始化失败，回退到旧版API: Unable to open file at hand_landmarker.task
2026-02-13 16:13:18,090 - WARNING - 新版API初始化失败，回退到旧版API: Unable to open file at hand_landmarker.task
2026-02-13 16:13:18,090 - INFO - 正在初始化旧版MediaPipe API...
2026-02-13 16:13:18,091 - ERROR - 无法初始化手部检测器: name 'mp_hands' is not defined
2026-02-13 16:13:18,091 - ERROR - 初始化手部检测器时发生异常:
Traceback (most recent call last):
  File "D:\Code\FingerMouse\FingerMouse.py", line 115, in _init_new_api_detector
    self.hands = HandLandmarker.create_from_options(options)
                 ^^^^^^^^^^^^^^^^^^^^^^^^^^^^^^^^^^^^^^^^^^^
  File "E:\Python\Lib\site-packages\mediapipe\tasks\python\vision\hand_landmarker.py", line 422, in create_from_options
    lib.MpHandLandmarkerCreate(
  File "E:\Python\Lib\site-packages\mediapipe\tasks\python\core\serial_dispatcher.py", line 74, in shutdown_aware_handler
    return handler(*args, **kwargs)
           ^^^^^^^^^^^^^^^^^^^^^^^^
  File "E:\Python\Lib\site-packages\mediapipe\tasks\python\core\mediapipe_c_utils.py", line 142, in dispatcher_wrapper
    executor.submit(dispatch_and_free).result()
  File "E:\Python\Lib\concurrent\futures\_base.py", line 456, in result
    return self.__get_result()
           ^^^^^^^^^^^^^^^^^^^
  File "E:\Python\Lib\concurrent\futures\_base.py", line 401, in __get_result
    raise self._exception
  File "E:\Python\Lib\concurrent\futures\thread.py", line 58, in run
    result = self.fn(*self.args, **self.kwargs)
             ^^^^^^^^^^^^^^^^^^^^^^^^^^^^^^^^^^
  File "E:\Python\Lib\site-packages\mediapipe\tasks\python\core\mediapipe_c_utils.py", line 137, in dispatch_and_free
    handle_status(status, error_msg)
  File "E:\Python\Lib\site-packages\mediapipe\tasks\python\core\mediapipe_c_utils.py", line 232, in handle_status
    raise exception
FileNotFoundError: Unable to open file at hand_landmarker.task

During handling of the above exception, another exception occurred:

Traceback (most recent call last):
  File "D:\Code\FingerMouse\FingerMouse.py", line 129, in _init_old_api_detector
    self.mp_hands = mp_hands
                    ^^^^^^^^
NameError: name 'mp_hands' is not defined
2026-02-13 16:15:03,580 - WARNING - 新版API初始化失败，回退到旧版API: Unable to open file at hand_landmarker.task
2026-02-13 16:15:03,580 - INFO - 正在初始化旧版MediaPipe API...
2026-02-13 16:15:03,580 - INFO - 成功加载mp_hands模块
2026-02-13 16:15:03,580 - INFO - 成功加载mp_drawing模块
2026-02-13 16:15:03,580 - INFO - 成功加载HandLandmark常量
2026-02-13 16:15:03,580 - INFO - 正在创建手部检测器...
2026-02-13 16:15:03,580 - ERROR - 创建手势检测器失败: 'NoneType' object has no attribute 'Hands'
2026-02-13 16:15:03,580 - ERROR - 参数详情 - 检测置信度: 0.7, 跟踪置信度: 0.7
2026-02-13 16:15:03,580 - ERROR - 无法初始化手部检测器: 创建手势检测器失败: 'NoneType' object has no attribute 'Hands'
2026-02-13 16:15:03,580 - ERROR - 初始化手部检测器时发生异常:
Traceback (most recent call last):
  File "D:\Code\FingerMouse\FingerMouse.py", line 120, in _init_new_api_detector
    self.hands = HandLandmarker.create_from_options(options)
                 ^^^^^^^^^^^^^^^^^^^^^^^^^^^^^^^^^^^^^^^^^^^
  File "E:\Python\Lib\site-packages\mediapipe\tasks\python\vision\hand_landmarker.py", line 422, in create_from_options
    lib.MpHandLandmarkerCreate(
  File "E:\Python\Lib\site-packages\mediapipe\tasks\python\core\serial_dispatcher.py", line 74, in shutdown_aware_handler
    return handler(*args, **kwargs)
           ^^^^^^^^^^^^^^^^^^^^^^^^
  File "E:\Python\Lib\site-packages\mediapipe\tasks\python\core\mediapipe_c_utils.py", line 142, in dispatcher_wrapper
    executor.submit(dispatch_and_free).result()
  File "E:\Python\Lib\concurrent\futures\_base.py", line 456, in result
    return self.__get_result()
           ^^^^^^^^^^^^^^^^^^^
  File "E:\Python\Lib\concurrent\futures\_base.py", line 401, in __get_result
    raise self._exception
  File "E:\Python\Lib\concurrent\futures\thread.py", line 58, in run
    result = self.fn(*self.args, **self.kwargs)
             ^^^^^^^^^^^^^^^^^^^^^^^^^^^^^^^^^^
  File "E:\Python\Lib\site-packages\mediapipe\tasks\python\core\mediapipe_c_utils.py", line 137, in dispatch_and_free
    handle_status(status, error_msg)
  File "E:\Python\Lib\site-packages\mediapipe\tasks\python\core\mediapipe_c_utils.py", line 232, in handle_status
    raise exception
FileNotFoundError: Unable to open file at hand_landmarker.task

During handling of the above exception, another exception occurred:

Traceback (most recent call last):
  File "D:\Code\FingerMouse\FingerMouse.py", line 166, in _create_hands_detector
    detector = self.mp_hands.Hands(
               ^^^^^^^^^^^^^^^^^^^
AttributeError: 'NoneType' object has no attribute 'Hands'

During handling of the above exception, another exception occurred:

Traceback (most recent call last):
  File "D:\Code\FingerMouse\FingerMouse.py", line 142, in _init_old_api_detector
    self.hands = self._create_hands_detector()
                 ^^^^^^^^^^^^^^^^^^^^^^^^^^^^^
  File "D:\Code\FingerMouse\FingerMouse.py", line 178, in _create_hands_detector
    raise Exception(error_msg)
Exception: 创建手势检测器失败: 'NoneType' object has no attribute 'Hands'
2026-02-13 16:17:40,006 - WARNING - 新版API初始化失败，回退到旧版API: Unable to open file at hand_landmarker.task
2026-02-13 16:17:40,006 - INFO - 正在初始化旧版MediaPipe API...
2026-02-13 16:17:40,006 - ERROR - 无法初始化手部检测器: 核心MediaPipe组件未正确导入
2026-02-13 16:17:40,007 - ERROR - 初始化手部检测器时发生异常:
Traceback (most recent call last):
  File "D:\Code\FingerMouse\FingerMouse.py", line 120, in _init_new_api_detector
    self.hands = HandLandmarker.create_from_options(options)
                 ^^^^^^^^^^^^^^^^^^^^^^^^^^^^^^^^^^^^^^^^^^^
  File "E:\Python\Lib\site-packages\mediapipe\tasks\python\vision\hand_landmarker.py", line 422, in create_from_options
    lib.MpHandLandmarkerCreate(
  File "E:\Python\Lib\site-packages\mediapipe\tasks\python\core\serial_dispatcher.py", line 74, in shutdown_aware_handler
    return handler(*args, **kwargs)
           ^^^^^^^^^^^^^^^^^^^^^^^^
  File "E:\Python\Lib\site-packages\mediapipe\tasks\python\core\mediapipe_c_utils.py", line 142, in dispatcher_wrapper
    executor.submit(dispatch_and_free).result()
  File "E:\Python\Lib\concurrent\futures\_base.py", line 456, in result
    return self.__get_result()
           ^^^^^^^^^^^^^^^^^^^
  File "E:\Python\Lib\concurrent\futures\_base.py", line 401, in __get_result
    raise self._exception
  File "E:\Python\Lib\concurrent\futures\thread.py", line 58, in run
    result = self.fn(*self.args, **self.kwargs)
             ^^^^^^^^^^^^^^^^^^^^^^^^^^^^^^^^^^
  File "E:\Python\Lib\site-packages\mediapipe\tasks\python\core\mediapipe_c_utils.py", line 137, in dispatch_and_free
    handle_status(status, error_msg)
  File "E:\Python\Lib\site-packages\mediapipe\tasks\python\core\mediapipe_c_utils.py", line 232, in handle_status
    raise exception
FileNotFoundError: Unable to open file at hand_landmarker.task

During handling of the above exception, another exception occurred:

Traceback (most recent call last):
  File "D:\Code\FingerMouse\FingerMouse.py", line 136, in _init_old_api_detector
    raise RuntimeError("核心MediaPipe组件未正确导入")
RuntimeError: 核心MediaPipe组件未正确导入
2026-02-13 16:20:58,857 - WARNING - 新版API初始化失败，回退到旧版API: Unable to open file at D:\Code\FingerMouse\hand_landmarker.task
2026-02-13 16:20:58,858 - INFO - 正在初始化旧版MediaPipe API...
2026-02-13 16:20:58,858 - INFO - mp_hands值: None
2026-02-13 16:20:58,858 - INFO - mp_drawing值: None
2026-02-13 16:20:58,858 - INFO - HandLandmark值: None
2026-02-13 16:20:58,858 - ERROR - mp_hands 为 None
2026-02-13 16:20:58,858 - INFO - 重新导入MediaPipe组件成功
2026-02-13 16:20:58,858 - INFO - 正在创建手部检测器...
2026-02-13 16:20:58,858 - INFO - 检测置信度: 0.7
2026-02-13 16:20:58,858 - INFO - 跟踪置信度: 0.7
2026-02-13 16:20:58,859 - ERROR - 创建手势检测器失败: 'HandMouseControllerGUI' object has no attribute 'mp_hands'
2026-02-13 16:20:58,859 - ERROR - 参数详情 - 检测置信度: 0.7, 跟踪置信度: 0.7
2026-02-13 16:20:58,859 - ERROR - 无法初始化手部检测器: 创建手势检测器失败: 'HandMouseControllerGUI' object has no attribute 'mp_hands'
2026-02-13 16:22:36,066 - WARNING - 新版API初始化失败: cannot import name 'vision' from 'mediapipe.tasks' (E:\Python\Lib\site-packages\mediapipe\tasks\__init__.py)
2026-02-13 16:22:36,067 - INFO - 旧版API组件初始化成功
2026-02-13 16:23:01,702 - WARNING - 新版API初始化失败: cannot import name 'vision' from 'mediapipe.tasks' (E:\Python\Lib\site-packages\mediapipe\tasks\__init__.py)
2026-02-13 16:23:01,703 - INFO - 旧版API组件初始化成功
2026-02-13 16:28:23,964 - WARNING - 新版API初始化失败: cannot import name 'vision' from 'mediapipe.tasks' (E:\Python\Lib\site-packages\mediapipe\tasks\__init__.py)
2026-02-13 16:28:23,966 - INFO - 旧版API组件初始化成功
2026-02-13 16:28:23,966 - INFO - 正在初始化旧版MediaPipe API...
2026-02-13 16:28:23,966 - INFO - 正在创建手部检测器...
2026-02-13 16:28:23,966 - INFO - 检测置信度: 0.7
2026-02-13 16:28:23,966 - INFO - 跟踪置信度: 0.7
2026-02-13 16:28:23,984 - INFO - 手部检测器创建成功
2026-02-13 16:28:23,984 - INFO - 旧版API初始化成功
2026-02-13 16:29:12,932 - WARNING - 新版API初始化失败: cannot import name 'vision' from 'mediapipe.tasks' (E:\Python\Lib\site-packages\mediapipe\tasks\__init__.py)
2026-02-13 16:29:12,932 - INFO - 旧版API组件初始化成功
2026-02-13 16:29:12,932 - INFO - 正在初始化旧版MediaPipe API...
2026-02-13 16:29:12,933 - INFO - 正在创建手部检测器...
2026-02-13 16:29:12,933 - INFO - 检测置信度: 0.7
2026-02-13 16:29:12,933 - INFO - 跟踪置信度: 0.7
2026-02-13 16:29:12,938 - INFO - 手部检测器创建成功
2026-02-13 16:29:12,938 - INFO - 旧版API初始化成功
2026-02-13 16:30:04,913 - WARNING - 新版API初始化失败: cannot import name 'vision' from 'mediapipe.tasks' (E:\Python\Lib\site-packages\mediapipe\tasks\__init__.py)
2026-02-13 16:30:04,913 - INFO - 旧版API组件初始化成功
2026-02-13 16:30:04,913 - INFO - 正在初始化旧版MediaPipe API...
2026-02-13 16:30:04,914 - INFO - 正在创建手部检测器...
2026-02-13 16:30:04,914 - INFO - 检测置信度: 0.7
2026-02-13 16:30:04,914 - INFO - 跟踪置信度: 0.7
2026-02-13 16:30:04,921 - INFO - 手部检测器创建成功
2026-02-13 16:30:04,921 - INFO - 旧版API初始化成功
2026-02-13 16:30:04,994 - INFO - 正在创建手部检测器...
2026-02-13 16:30:04,994 - INFO - 检测置信度: 0.7
2026-02-13 16:30:04,994 - INFO - 跟踪置信度: 0.7
2026-02-13 16:30:04,998 - INFO - 手部检测器创建成功
2026-02-13 16:30:04,998 - INFO - 配置已加载: config.json
2026-02-13 16:30:05,007 - INFO - 键盘监听器已启动
2026-02-13 16:30:26,538 - WARNING - 新版API初始化失败: cannot import name 'vision' from 'mediapipe.tasks' (E:\Python\Lib\site-packages\mediapipe\tasks\__init__.py)
2026-02-13 16:30:26,538 - INFO - 旧版API组件初始化成功
2026-02-13 16:30:26,538 - INFO - 正在初始化旧版MediaPipe API...
2026-02-13 16:30:26,538 - INFO - 正在创建手部检测器...
2026-02-13 16:30:26,538 - INFO - 检测置信度: 0.7
2026-02-13 16:30:26,538 - INFO - 跟踪置信度: 0.7
2026-02-13 16:30:26,544 - INFO - 手部检测器创建成功
2026-02-13 16:30:26,544 - INFO - 旧版API初始化成功
2026-02-13 16:30:26,590 - INFO - 正在创建手部检测器...
2026-02-13 16:30:26,590 - INFO - 检测置信度: 0.7
2026-02-13 16:30:26,590 - INFO - 跟踪置信度: 0.7
2026-02-13 16:30:26,595 - INFO - 手部检测器创建成功
2026-02-13 16:30:26,595 - INFO - 配置已加载: config.json
2026-02-13 16:30:26,602 - INFO - 键盘监听器已启动
2026-02-13 16:30:37,871 - INFO - 手势识别已启动
2026-02-13 16:30:41,109 - INFO - 摄像头已刷新
2026-02-13 16:30:44,262 - INFO - 手势识别已停止
2026-02-13 16:36:24 - utils.logger - INFO - 主窗口初始化完成
2026-02-13 16:36:50 - utils.logger - INFO - 主窗口初始化完成
2026-02-13 16:36:54 - utils.logger - INFO - 手势识别已启动
2026-02-13 16:37:23 - utils.logger - INFO - 程序正在关闭...
2026-02-13 16:37:23 - utils.logger - INFO - 资源已释放，程序退出
2026-02-13 16:46:34 - utils.logger - INFO - 主窗口初始化完成
2026-02-13 16:52:42 - utils.logger - INFO - 手势识别已启动
2026-02-13 16:52:58 - utils.logger - INFO - 识别已暂停
2026-02-13 16:53:00 - utils.logger - INFO - 识别已恢复
2026-02-13 16:53:09 - utils.logger - INFO - 手势识别已启动
2026-02-13 16:53:24 - utils.logger - INFO - 鼠标控制已开启
2026-02-13 16:54:34 - utils.logger - INFO - 主窗口初始化完成
2026-02-13 16:54:50 - utils.logger - INFO - 手势识别已启动
2026-02-13 16:55:45 - utils.logger - INFO - 鼠标控制已开启
2026-02-13 16:56:09 - utils.logger - INFO - 鼠标控制已关闭
2026-02-13 16:56:20 - utils.logger - INFO - 程序正在关闭...
2026-02-13 16:56:21 - utils.logger - INFO - 资源已释放，程序退出
2026-02-13 17:02:53 - utils.logger - INFO - 主窗口初始化完成
2026-02-13 17:03:11 - utils.logger - INFO - 手势识别已启动
2026-02-13 17:03:23 - utils.logger - INFO - 识别已暂停
2026-02-13 17:03:24 - utils.logger - INFO - 程序正在关闭...
2026-02-13 17:03:25 - utils.logger - INFO - 资源已释放，程序退出
2026-02-13 17:07:39 - utils.logger - INFO - 主窗口初始化完成
2026-02-13 17:07:59 - utils.logger - INFO - 手势识别已启动
2026-02-13 17:09:23 - utils.logger - INFO - 程序正在关闭...
2026-02-13 17:09:23 - utils.logger - INFO - 资源已释放，程序退出
2026-02-13 17:20:23 - utils.logger - INFO - 主窗口初始化完成
2026-02-13 17:20:38 - utils.logger - INFO - 手势识别已启动
2026-02-13 17:20:48 - utils.logger - INFO - 鼠标控制已开启
2026-02-13 17:21:09 - utils.logger - INFO - 程序正在关闭...
2026-02-13 17:21:10 - utils.logger - INFO - 资源已释放，程序退出
2026-02-13 17:23:47 - utils.logger - INFO - 主窗口初始化完成
2026-02-13 17:24:04 - utils.logger - INFO - 手势识别已启动
2026-02-13 17:24:53 - utils.logger - INFO - 程序正在关闭...
2026-02-13 17:24:54 - utils.logger - INFO - 资源已释放，程序退出
2026-02-13 17:28:42 - utils.logger - INFO - 主窗口初始化完成
2026-02-13 17:34:40 - utils.logger - INFO - 手势识别已启动
2026-02-13 17:49:11 - utils.logger - INFO - 程序正在关闭...
2026-02-13 17:49:12 - utils.logger - INFO - 资源已释放，程序退出
2026-02-13 18:23:16 - utils.logger - INFO - 主窗口初始化完成
2026-02-13 18:23:37 - utils.logger - INFO - 手势识别已启动
2026-02-13 18:23:44 - utils.logger - INFO - 鼠标控制已开启
2026-02-13 18:36:16 - utils.logger - INFO - 主窗口初始化完成
2026-02-13 18:39:18 - utils.logger - INFO - 手势识别已启动
2026-02-13 18:40:19 - utils.logger - INFO - 程序正在关闭...
2026-02-13 18:40:20 - utils.logger - INFO - 资源已释放，程序退出
2026-02-13 18:41:03 - utils.logger - INFO - 主窗口初始化完成
2026-02-13 18:41:15 - utils.logger - INFO - 手势识别已启动
2026-02-13 18:45:19 - utils.logger - INFO - 识别已暂停
2026-02-13 18:45:22 - utils.logger - INFO - 识别已恢复
2026-02-13 18:45:24 - utils.logger - INFO - 鼠标控制已开启
2026-02-13 18:45:58 - utils.logger - INFO - 主窗口初始化完成
2026-02-13 18:46:24 - utils.logger - INFO - 手势识别已启动
2026-02-13 18:58:50 - utils.logger - INFO - 程序正在关闭...
2026-02-13 18:58:51 - utils.logger - INFO - 资源已释放，程序退出
2026-02-13 19:01:05 - utils.logger - INFO - 主窗口初始化完成
2026-02-13 19:01:18 - utils.logger - INFO - 手势识别已启动
2026-02-13 19:05:10 - utils.logger - INFO - 程序正在关闭...
2026-02-13 19:05:10 - utils.logger - INFO - 资源已释放，程序退出
2026-02-13 23:21:35 - utils.logger - INFO - 主窗口初始化完成
2026-02-13 23:21:49 - utils.logger - INFO - 手势识别已启动
2026-02-13 23:22:54 - utils.logger - INFO - 程序正在关闭...
2026-02-13 23:22:55 - utils.logger - INFO - 资源已释放，程序退出
2026-02-13 23:27:48 - utils.logger - INFO - 主窗口初始化完成
2026-02-13 23:28:00 - utils.logger - INFO - 手势识别已启动
2026-02-13 23:28:53 - utils.logger - INFO - 程序正在关闭...
2026-02-13 23:28:54 - utils.logger - INFO - 资源已释放，程序退出
2026-02-13 23:29:52 - utils.logger - INFO - 主窗口初始化完成
2026-02-13 23:30:04 - utils.logger - INFO - 手势识别已启动
2026-02-13 23:30:11 - utils.logger - INFO - 手势识别已启动
2026-02-13 23:30:15 - utils.logger - INFO - 手势识别已启动
2026-02-13 23:30:46 - utils.logger - INFO - 程序正在关闭...
2026-02-13 23:30:47 - utils.logger - INFO - 资源已释放，程序退出
2026-02-13 23:31:38 - utils.logger - INFO - 主窗口初始化完成
2026-02-13 23:31:52 - utils.logger - INFO - 手势识别已启动
2026-02-13 23:32:00 - utils.logger - INFO - 程序正在关闭...
2026-02-13 23:32:00 - utils.logger - INFO - 资源已释放，程序退出
2026-02-13 23:32:40 - utils.logger - INFO - 主窗口初始化完成
2026-02-13 23:32:59 - utils.logger - INFO - 手势识别已启动
2026-02-13 23:33:53 - utils.logger - INFO - 程序正在关闭...
2026-02-13 23:33:54 - utils.logger - INFO - 资源已释放，程序退出
2026-02-13 23:34:50 - utils.logger - INFO - 主窗口初始化完成
2026-02-13 23:35:01 - utils.logger - INFO - 手势识别已启动
2026-02-13 23:37:57 - utils.logger - INFO - 主窗口初始化完成
2026-02-13 23:38:12 - utils.logger - INFO - 手势识别已启动
2026-02-13 23:39:19 - utils.logger - INFO - 程序正在关闭...
2026-02-13 23:39:20 - utils.logger - INFO - 资源已释放，程序退出
2026-02-13 23:43:57 - utils.logger - INFO - 主窗口初始化完成
2026-02-13 23:44:10 - utils.logger - INFO - 手势识别已启动
2026-02-13 23:46:38 - utils.logger - INFO - 程序正在关闭...
2026-02-13 23:46:39 - utils.logger - INFO - 资源已释放，程序退出
2026-02-13 23:53:51 - utils.logger - INFO - 主窗口初始化完成
2026-02-13 23:54:06 - utils.logger - INFO - 手势识别已启动
2026-02-13 23:54:53 - utils.logger - INFO - 程序正在关闭...
2026-02-13 23:54:53 - utils.logger - INFO - 资源已释放，程序退出
2026-02-13 23:55:39 - utils.logger - INFO - 主窗口初始化完成
2026-02-13 23:55:50 - utils.logger - INFO - 鼠标控制已开启
2026-02-13 23:55:54 - utils.logger - INFO - 手势识别已启动
2026-02-13 23:55:56 - utils.logger - INFO - 鼠标控制已关闭
2026-02-13 23:56:26 - utils.logger - INFO - 鼠标控制已开启
2026-02-13 23:56:32 - utils.logger - INFO - 程序正在关闭...
2026-02-13 23:56:33 - utils.logger - INFO - 资源已释放，程序退出
